
> aio-agency-frontend@0.0.0 dev
> vite


  [32m[1mVITE[22m v7.3.1[39m  [2mready in [0m[1m262[22m[2m[0m ms[22m

  [32m➜[39m  [1mLocal[22m:   [36mhttp://localhost:[1m5175[22m/[39m
[2m3:24:03 PM[22m [36m[1m[vite][22m[39m [90m[2m(client)[22m[39m [32mhmr update [39m[2m/src/index.css, /src/modules/Integrations/pages/ActiveIntegrations.jsx, /src/modules/Integrations/components/AddIntegrationPanel.jsx[22m
[2m3:24:14 PM[22m [36m[1m[vite][22m[39m [90m[2m(client)[22m[39m [32mhmr update [39m[2m/src/index.css, /src/modules/Integrations/pages/ActiveIntegrations.jsx[22m
[2m3:30:16 PM[22m [36m[1m[vite][22m[39m [90m[2m(client)[22m[39m [32mhmr update [39m[2m/src/modules/Brain/index.jsx, /src/index.css[22m
[2m3:46:54 PM[22m [36m[1m[vite][22m[39m [90m[2m(client)[22m[39m [32mhmr update [39m[2m/src/modules/Brain/index.jsx, /src/index.css[22m
[2m3:48:41 PM[22m [36m[1m[vite][22m[39m [90m[2m(client)[22m[39m [32mhmr update [39m[2m/src/modules/Brain/index.jsx, /src/index.css[22m
[2m3:48:56 PM[22m [36m[1m[vite][22m[39m [90m[2m(client)[22m[39m [32mhmr update [39m[2m/src/modules/Brain/index.jsx, /src/index.css[22m
[2m4:05:40 PM[22m [36m[1m[vite][22m[39m [90m[2m(client)[22m[39m [32mhmr update [39m[2m/src/index.css, /src/modules/Integrations/pages/ActiveIntegrations.jsx, /src/modules/Integrations/components/AddIntegrationPanel.jsx[22m
[2m4:05:56 PM[22m [36m[1m[vite][22m[39m [90m[2m(client)[22m[39m [32mhmr update [39m[2m/src/index.css, /src/modules/Integrations/pages/ActiveIntegrations.jsx, /src/modules/Integrations/components/AddIntegrationPanel.jsx[22m
[2m4:06:15 PM[22m [36m[1m[vite][22m[39m [90m[2m(client)[22m[39m [32mhmr update [39m[2m/src/index.css, /src/modules/Integrations/pages/ActiveIntegrations.jsx, /src/modules/Integrations/components/AddIntegrationPanel.jsx[22m
[2m4:06:38 PM[22m [36m[1m[vite][22m[39m [90m[2m(client)[22m[39m [32mhmr update [39m[2m/src/index.css, /src/modules/Integrations/components/AddIntegrationPanel.jsx[22m
[2m5:06:00 PM[22m [36m[1m[vite][22m[39m [90m[2m(client)[22m[39m [32mhmr update [39m[2m/src/index.css, /src/modules/Integrations/pages/ActiveIntegrations.jsx[22m
[2m5:06:21 PM[22m [36m[1m[vite][22m[39m [90m[2m(client)[22m[39m [32mhmr update [39m[2m/src/index.css, /src/modules/Integrations/pages/ActiveIntegrations.jsx[22m
[2m5:06:30 PM[22m [36m[1m[vite][22m[39m [90m[2m(client)[22m[39m [32mhmr update [39m[2m/src/index.css, /src/modules/Integrations/pages/ActiveIntegrations.jsx[22m
[2m5:07:10 PM[22m [36m[1m[vite][22m[39m [90m[2m(client)[22m[39m [32mhmr update [39m[2m/src/index.css, /src/modules/Integrations/pages/ActiveIntegrations.jsx[22m
[2m5:07:23 PM[22m [36m[1m[vite][22m[39m [90m[2m(client)[22m[39m [32mhmr update [39m[2m/src/index.css, /src/modules/Integrations/components/AddIntegrationPanel.jsx[22m
[2m6:10:37 PM[22m [36m[1m[vite][22m[39m [90m[2m(client)[22m[39m [32mhmr update [39m[2m/src/index.css, /src/modules/Integrations/pages/ActiveIntegrations.jsx[22m
[2m6:10:49 PM[22m [36m[1m[vite][22m[39m [90m[2m(client)[22m[39m [32mhmr update [39m[2m/src/index.css, /src/modules/Integrations/pages/ActiveIntegrations.jsx[22m
[2m6:11:19 PM[22m [36m[1m[vite][22m[39m [90m[2m(client)[22m[39m [32mhmr update [39m[2m/src/index.css, /src/modules/Integrations/components/AddIntegrationPanel.jsx[22m
[2m6:11:24 PM[22m [36m[1m[vite][22m[39m [90m[2m(client)[22m[39m [32mhmr update [39m[2m/src/index.css, /src/modules/Integrations/components/AddIntegrationPanel.jsx[22m
[2m6:11:45 PM[22m [36m[1m[vite][22m[39m [90m[2m(client)[22m[39m [32mhmr update [39m[2m/src/index.css, /src/modules/Integrations/components/AddIntegrationPanel.jsx[22m
[2m6:12:12 PM[22m [36m[1m[vite][22m[39m [90m[2m(client)[22m[39m [32mhmr update [39m[2m/src/index.css, /src/modules/Integrations/components/AddIntegrationPanel.jsx[22m
[2m6:12:24 PM[22m [36m[1m[vite][22m[39m [90m[2m(client)[22m[39m [32mhmr update [39m[2m/src/index.css, /src/modules/Integrations/pages/ActiveIntegrations.jsx, /src/modules/Integrations/components/AddIntegrationPanel.jsx[22m
[2m6:21:08 PM[22m [36m[1m[vite][22m[39m [90m[2m(client)[22m[39m [32mhmr update [39m[2m/src/index.css, /src/modules/Integrations/pages/ActiveIntegrations.jsx, /src/modules/Integrations/components/AddIntegrationPanel.jsx[22m
[2m6:21:15 PM[22m [36m[1m[vite][22m[39m [90m[2m(client)[22m[39m [32mhmr update [39m[2m/src/index.css, /src/modules/Integrations/pages/ActiveIntegrations.jsx, /src/modules/Integrations/components/AddIntegrationPanel.jsx[22m
[2m6:21:21 PM[22m [36m[1m[vite][22m[39m [90m[2m(client)[22m[39m [32mhmr update [39m[2m/src/index.css, /src/modules/Integrations/pages/ActiveIntegrations.jsx, /src/modules/Integrations/components/AddIntegrationPanel.jsx[22m
[2m6:25:08 PM[22m [36m[1m[vite][22m[39m [90m[2m(client)[22m[39m [32mhmr update [39m[2m/src/index.css, /src/modules/Integrations/pages/ActiveIntegrations.jsx, /src/modules/Integrations/components/AddIntegrationPanel.jsx[22m
[2m6:25:10 PM[22m [36m[1m[vite][22m[39m [90m[2m(client)[22m[39m [32mhmr update [39m[2m/src/index.css, /src/modules/Integrations/pages/ActiveIntegrations.jsx, /src/modules/Integrations/components/AddIntegrationPanel.jsx[22m
[2m6:25:12 PM[22m [36m[1m[vite][22m[39m [90m[2m(client)[22m[39m [32mhmr update [39m[2m/src/index.css, /src/modules/Integrations/pages/ActiveIntegrations.jsx[22m
[2m6:26:00 PM[22m [36m[1m[vite][22m[39m [90m[2m(client)[22m[39m [32mhmr update [39m[2m/src/index.css, /src/modules/Integrations/components/AddIntegrationPanel.jsx[22m
[2m6:26:02 PM[22m [36m[1m[vite][22m[39m [90m[2m(client)[22m[39m [32mhmr update [39m[2m/src/index.css, /src/modules/Integrations/pages/ActiveIntegrations.jsx, /src/modules/Integrations/components/AddIntegrationPanel.jsx[22m
[2m6:26:26 PM[22m [36m[1m[vite][22m[39m [90m[2m(client)[22m[39m [32mhmr update [39m[2m/src/index.css, /src/modules/Integrations/pages/ActiveIntegrations.jsx[22m
[2m6:29:54 PM[22m [36m[1m[vite][22m[39m [90m[2m(client)[22m[39m [32mhmr update [39m[2m/src/index.css, /src/modules/Integrations/pages/ActiveIntegrations.jsx[22m
[2m6:29:56 PM[22m [36m[1m[vite][22m[39m [90m[2m(client)[22m[39m [32mhmr update [39m[2m/src/index.css, /src/modules/Integrations/pages/ActiveIntegrations.jsx[22m
[2m6:29:56 PM[22m [31m[1m[vite][22m[39m [31mInternal server error: D:\AIOCRM\frontend\src\modules\Integrations\pages\ActiveIntegrations.jsx: Expected corresponding JSX closing tag for <div>. (1599:14)

[0m [90m 1597 |[31m                   [33m/[31m[33m>[31m
 [90m 1598 |[31m                 )}
[31m[1m>[22m[31m[90m 1599 |[31m               [33m<[31m[33m/[31m[33mlabel[31m[33m>[31m
 [90m      |[31m               [31m[1m^[22m[31m
 [90m 1600 |[31m             ))}
 [90m 1601 |[31m           [33m<[31m[33m/[31m[33mdiv[31m[33m>[31m
 [90m 1602 |[31m[0m[39m
  Plugin: [35mvite:react-babel[39m
  File: [36mD:/AIOCRM/frontend/src/modules/Integrations/pages/ActiveIntegrations.jsx[39m:1599:14
[33m  1627 |              </label>
  1628 |            </div>
  1629 |  ...-bg-secondary)] px-3 py-3 text-sm text-[var(--color-text-secondary)]">
       |                                                                 ^
  1630 |              Bullseye assists across CRM, Forms, Calendar, Flows, and Comms will use the active runtime first, then fa...
  1631 |            </div>[39m
      at constructor (D:\AIOCRM\frontend\node_modules\@babel\parser\lib\index.js:365:19)
      at JSXParserMixin.raise (D:\AIOCRM\frontend\node_modules\@babel\parser\lib\index.js:6599:19)
      at JSXParserMixin.jsxParseElementAt (D:\AIOCRM\frontend\node_modules\@babel\parser\lib\index.js:4727:16)
      at JSXParserMixin.jsxParseElementAt (D:\AIOCRM\frontend\node_modules\@babel\parser\lib\index.js:4698:32)
      at JSXParserMixin.jsxParseElement (D:\AIOCRM\frontend\node_modules\@babel\parser\lib\index.js:4749:17)
      at JSXParserMixin.parseExprAtom (D:\AIOCRM\frontend\node_modules\@babel\parser\lib\index.js:4759:19)
      at JSXParserMixin.parseExprSubscripts (D:\AIOCRM\frontend\node_modules\@babel\parser\lib\index.js:11071:23)
      at JSXParserMixin.parseUpdate (D:\AIOCRM\frontend\node_modules\@babel\parser\lib\index.js:11056:21)
      at JSXParserMixin.parseMaybeUnary (D:\AIOCRM\frontend\node_modules\@babel\parser\lib\index.js:11036:23)
      at JSXParserMixin.parseMaybeUnaryOrPrivate (D:\AIOCRM\frontend\node_modules\@babel\parser\lib\index.js:10889:61)
      at JSXParserMixin.parseExprOps (D:\AIOCRM\frontend\node_modules\@babel\parser\lib\index.js:10894:23)
      at JSXParserMixin.parseMaybeConditional (D:\AIOCRM\frontend\node_modules\@babel\parser\lib\index.js:10871:23)
      at JSXParserMixin.parseMaybeAssign (D:\AIOCRM\frontend\node_modules\@babel\parser\lib\index.js:10821:21)
      at D:\AIOCRM\frontend\node_modules\@babel\parser\lib\index.js:10790:39
      at JSXParserMixin.allowInAnd (D:\AIOCRM\frontend\node_modules\@babel\parser\lib\index.js:12416:12)
      at JSXParserMixin.parseMaybeAssignAllowIn (D:\AIOCRM\frontend\node_modules\@babel\parser\lib\index.js:10790:17)
      at JSXParserMixin.parseMaybeAssignAllowInOrVoidPattern (D:\AIOCRM\frontend\node_modules\@babel\parser\lib\index.js:12483:17)
      at JSXParserMixin.parseParenAndDistinguishExpression (D:\AIOCRM\frontend\node_modules\@babel\parser\lib\index.js:11665:28)
      at JSXParserMixin.parseExprAtom (D:\AIOCRM\frontend\node_modules\@babel\parser\lib\index.js:11321:23)
      at JSXParserMixin.parseExprAtom (D:\AIOCRM\frontend\node_modules\@babel\parser\lib\index.js:4764:20)
      at JSXParserMixin.parseExprSubscripts (D:\AIOCRM\frontend\node_modules\@babel\parser\lib\index.js:11071:23)
      at JSXParserMixin.parseUpdate (D:\AIOCRM\frontend\node_modules\@babel\parser\lib\index.js:11056:21)
      at JSXParserMixin.parseMaybeUnary (D:\AIOCRM\frontend\node_modules\@babel\parser\lib\index.js:11036:23)
      at JSXParserMixin.parseMaybeUnaryOrPrivate (D:\AIOCRM\frontend\node_modules\@babel\parser\lib\index.js:10889:61)
      at JSXParserMixin.parseExprOps (D:\AIOCRM\frontend\node_modules\@babel\parser\lib\index.js:10894:23)
      at JSXParserMixin.parseMaybeConditional (D:\AIOCRM\frontend\node_modules\@babel\parser\lib\index.js:10871:23)
      at JSXParserMixin.parseMaybeAssign (D:\AIOCRM\frontend\node_modules\@babel\parser\lib\index.js:10821:21)
      at JSXParserMixin.parseFunctionBody (D:\AIOCRM\frontend\node_modules\@babel\parser\lib\index.js:12083:24)
      at JSXParserMixin.parseArrowExpression (D:\AIOCRM\frontend\node_modules\@babel\parser\lib\index.js:12065:10)
      at JSXParserMixin.parseParenAndDistinguishExpression (D:\AIOCRM\frontend\node_modules\@babel\parser\lib\index.js:11677:12)
      at JSXParserMixin.parseExprAtom (D:\AIOCRM\frontend\node_modules\@babel\parser\lib\index.js:11321:23)
      at JSXParserMixin.parseExprAtom (D:\AIOCRM\frontend\node_modules\@babel\parser\lib\index.js:4764:20)
      at JSXParserMixin.parseExprSubscripts (D:\AIOCRM\frontend\node_modules\@babel\parser\lib\index.js:11071:23)
      at JSXParserMixin.parseUpdate (D:\AIOCRM\frontend\node_modules\@babel\parser\lib\index.js:11056:21)
      at JSXParserMixin.parseMaybeUnary (D:\AIOCRM\frontend\node_modules\@babel\parser\lib\index.js:11036:23)
      at JSXParserMixin.parseMaybeUnaryOrPrivate (D:\AIOCRM\frontend\node_modules\@babel\parser\lib\index.js:10889:61)
      at JSXParserMixin.parseExprOps (D:\AIOCRM\frontend\node_modules\@babel\parser\lib\index.js:10894:23)
      at JSXParserMixin.parseMaybeConditional (D:\AIOCRM\frontend\node_modules\@babel\parser\lib\index.js:10871:23)
      at JSXParserMixin.parseMaybeAssign (D:\AIOCRM\frontend\node_modules\@babel\parser\lib\index.js:10821:21)
      at D:\AIOCRM\frontend\node_modules\@babel\parser\lib\index.js:10790:39
      at JSXParserMixin.allowInAnd (D:\AIOCRM\frontend\node_modules\@babel\parser\lib\index.js:12416:12)
      at JSXParserMixin.parseMaybeAssignAllowIn (D:\AIOCRM\frontend\node_modules\@babel\parser\lib\index.js:10790:17)
      at JSXParserMixin.parseMaybeAssignAllowInOrVoidPattern (D:\AIOCRM\frontend\node_modules\@babel\parser\lib\index.js:12483:17)
      at JSXParserMixin.parseExprListItem (D:\AIOCRM\frontend\node_modules\@babel\parser\lib\index.js:12165:18)
      at JSXParserMixin.parseCallExpressionArguments (D:\AIOCRM\frontend\node_modules\@babel\parser\lib\index.js:11242:22)
      at JSXParserMixin.parseCoverCallAndAsyncArrowHead (D:\AIOCRM\frontend\node_modules\@babel\parser\lib\index.js:11176:29)
      at JSXParserMixin.parseSubscript (D:\AIOCRM\frontend\node_modules\@babel\parser\lib\index.js:11110:19)
      at JSXParserMixin.parseSubscripts (D:\AIOCRM\frontend\node_modules\@babel\parser\lib\index.js:11084:19)
      at JSXParserMixin.parseExprSubscripts (D:\AIOCRM\frontend\node_modules\@babel\parser\lib\index.js:11075:17)
      at JSXParserMixin.parseUpdate (D:\AIOCRM\frontend\node_modules\@babel\parser\lib\index.js:11056:21)
[2m6:30:03 PM[22m [36m[1m[vite][22m[39m [90m[2m(client)[22m[39m [32mhmr update [39m[2m/src/index.css, /src/modules/Integrations/pages/ActiveIntegrations.jsx[22m
[2m6:30:03 PM[22m [31m[1m[vite][22m[39m [31mInternal server error: D:\AIOCRM\frontend\src\modules\Integrations\pages\ActiveIntegrations.jsx: Expected corresponding JSX closing tag for <div>. (1601:14)

[0m [90m 1599 |[31m                   [33m/[31m[33m>[31m
 [90m 1600 |[31m                 )}
[31m[1m>[22m[31m[90m 1601 |[31m               [33m<[31m[33m/[31m[33mlabel[31m[33m>[31m
 [90m      |[31m               [31m[1m^[22m[31m
 [90m 1602 |[31m             ))}
 [90m 1603 |[31m           [33m<[31m[33m/[31m[33mdiv[31m[33m>[31m
 [90m 1604 |[31m[0m[39m
  Plugin: [35mvite:react-babel[39m
  File: [36mD:/AIOCRM/frontend/src/modules/Integrations/pages/ActiveIntegrations.jsx[39m:1601:14
[33m  1629 |              </label>
  1630 |            </div>
  1631 |  ...g-secondary)] px-3 py-3 text-sm text-[var(--color-text-secondary)]">
       |                                                                 ^
  1632 |              Bullseye assists across CRM, Forms, Calendar, Flows, and Comms will use the active runtime first, then fa...
  1633 |            </div>[39m
      at constructor (D:\AIOCRM\frontend\node_modules\@babel\parser\lib\index.js:365:19)
      at JSXParserMixin.raise (D:\AIOCRM\frontend\node_modules\@babel\parser\lib\index.js:6599:19)
      at JSXParserMixin.jsxParseElementAt (D:\AIOCRM\frontend\node_modules\@babel\parser\lib\index.js:4727:16)
      at JSXParserMixin.jsxParseElementAt (D:\AIOCRM\frontend\node_modules\@babel\parser\lib\index.js:4698:32)
      at JSXParserMixin.jsxParseElement (D:\AIOCRM\frontend\node_modules\@babel\parser\lib\index.js:4749:17)
      at JSXParserMixin.parseExprAtom (D:\AIOCRM\frontend\node_modules\@babel\parser\lib\index.js:4759:19)
      at JSXParserMixin.parseExprSubscripts (D:\AIOCRM\frontend\node_modules\@babel\parser\lib\index.js:11071:23)
      at JSXParserMixin.parseUpdate (D:\AIOCRM\frontend\node_modules\@babel\parser\lib\index.js:11056:21)
      at JSXParserMixin.parseMaybeUnary (D:\AIOCRM\frontend\node_modules\@babel\parser\lib\index.js:11036:23)
      at JSXParserMixin.parseMaybeUnaryOrPrivate (D:\AIOCRM\frontend\node_modules\@babel\parser\lib\index.js:10889:61)
      at JSXParserMixin.parseExprOps (D:\AIOCRM\frontend\node_modules\@babel\parser\lib\index.js:10894:23)
      at JSXParserMixin.parseMaybeConditional (D:\AIOCRM\frontend\node_modules\@babel\parser\lib\index.js:10871:23)
      at JSXParserMixin.parseMaybeAssign (D:\AIOCRM\frontend\node_modules\@babel\parser\lib\index.js:10821:21)
      at D:\AIOCRM\frontend\node_modules\@babel\parser\lib\index.js:10790:39
      at JSXParserMixin.allowInAnd (D:\AIOCRM\frontend\node_modules\@babel\parser\lib\index.js:12416:12)
      at JSXParserMixin.parseMaybeAssignAllowIn (D:\AIOCRM\frontend\node_modules\@babel\parser\lib\index.js:10790:17)
      at JSXParserMixin.parseMaybeAssignAllowInOrVoidPattern (D:\AIOCRM\frontend\node_modules\@babel\parser\lib\index.js:12483:17)
      at JSXParserMixin.parseParenAndDistinguishExpression (D:\AIOCRM\frontend\node_modules\@babel\parser\lib\index.js:11665:28)
      at JSXParserMixin.parseExprAtom (D:\AIOCRM\frontend\node_modules\@babel\parser\lib\index.js:11321:23)
      at JSXParserMixin.parseExprAtom (D:\AIOCRM\frontend\node_modules\@babel\parser\lib\index.js:4764:20)
      at JSXParserMixin.parseExprSubscripts (D:\AIOCRM\frontend\node_modules\@babel\parser\lib\index.js:11071:23)
      at JSXParserMixin.parseUpdate (D:\AIOCRM\frontend\node_modules\@babel\parser\lib\index.js:11056:21)
      at JSXParserMixin.parseMaybeUnary (D:\AIOCRM\frontend\node_modules\@babel\parser\lib\index.js:11036:23)
      at JSXParserMixin.parseMaybeUnaryOrPrivate (D:\AIOCRM\frontend\node_modules\@babel\parser\lib\index.js:10889:61)
      at JSXParserMixin.parseExprOps (D:\AIOCRM\frontend\node_modules\@babel\parser\lib\index.js:10894:23)
      at JSXParserMixin.parseMaybeConditional (D:\AIOCRM\frontend\node_modules\@babel\parser\lib\index.js:10871:23)
      at JSXParserMixin.parseMaybeAssign (D:\AIOCRM\frontend\node_modules\@babel\parser\lib\index.js:10821:21)
      at JSXParserMixin.parseFunctionBody (D:\AIOCRM\frontend\node_modules\@babel\parser\lib\index.js:12083:24)
      at JSXParserMixin.parseArrowExpression (D:\AIOCRM\frontend\node_modules\@babel\parser\lib\index.js:12065:10)
      at JSXParserMixin.parseParenAndDistinguishExpression (D:\AIOCRM\frontend\node_modules\@babel\parser\lib\index.js:11677:12)
      at JSXParserMixin.parseExprAtom (D:\AIOCRM\frontend\node_modules\@babel\parser\lib\index.js:11321:23)
      at JSXParserMixin.parseExprAtom (D:\AIOCRM\frontend\node_modules\@babel\parser\lib\index.js:4764:20)
      at JSXParserMixin.parseExprSubscripts (D:\AIOCRM\frontend\node_modules\@babel\parser\lib\index.js:11071:23)
      at JSXParserMixin.parseUpdate (D:\AIOCRM\frontend\node_modules\@babel\parser\lib\index.js:11056:21)
      at JSXParserMixin.parseMaybeUnary (D:\AIOCRM\frontend\node_modules\@babel\parser\lib\index.js:11036:23)
      at JSXParserMixin.parseMaybeUnaryOrPrivate (D:\AIOCRM\frontend\node_modules\@babel\parser\lib\index.js:10889:61)
      at JSXParserMixin.parseExprOps (D:\AIOCRM\frontend\node_modules\@babel\parser\lib\index.js:10894:23)
      at JSXParserMixin.parseMaybeConditional (D:\AIOCRM\frontend\node_modules\@babel\parser\lib\index.js:10871:23)
      at JSXParserMixin.parseMaybeAssign (D:\AIOCRM\frontend\node_modules\@babel\parser\lib\index.js:10821:21)
      at D:\AIOCRM\frontend\node_modules\@babel\parser\lib\index.js:10790:39
      at JSXParserMixin.allowInAnd (D:\AIOCRM\frontend\node_modules\@babel\parser\lib\index.js:12416:12)
      at JSXParserMixin.parseMaybeAssignAllowIn (D:\AIOCRM\frontend\node_modules\@babel\parser\lib\index.js:10790:17)
      at JSXParserMixin.parseMaybeAssignAllowInOrVoidPattern (D:\AIOCRM\frontend\node_modules\@babel\parser\lib\index.js:12483:17)
      at JSXParserMixin.parseExprListItem (D:\AIOCRM\frontend\node_modules\@babel\parser\lib\index.js:12165:18)
      at JSXParserMixin.parseCallExpressionArguments (D:\AIOCRM\frontend\node_modules\@babel\parser\lib\index.js:11242:22)
      at JSXParserMixin.parseCoverCallAndAsyncArrowHead (D:\AIOCRM\frontend\node_modules\@babel\parser\lib\index.js:11176:29)
      at JSXParserMixin.parseSubscript (D:\AIOCRM\frontend\node_modules\@babel\parser\lib\index.js:11110:19)
      at JSXParserMixin.parseSubscripts (D:\AIOCRM\frontend\node_modules\@babel\parser\lib\index.js:11084:19)
      at JSXParserMixin.parseExprSubscripts (D:\AIOCRM\frontend\node_modules\@babel\parser\lib\index.js:11075:17)
      at JSXParserMixin.parseUpdate (D:\AIOCRM\frontend\node_modules\@babel\parser\lib\index.js:11056:21)
[2m6:30:14 PM[22m [36m[1m[vite][22m[39m [90m[2m(client)[22m[39m [32mhmr update [39m[2m/src/index.css, /src/modules/Integrations/pages/ActiveIntegrations.jsx[22m
[2m6:31:23 PM[22m [36m[1m[vite][22m[39m [90m[2m(client)[22m[39m [32mhmr update [39m[2m/src/index.css, /src/modules/Integrations/pages/ActiveIntegrations.jsx[22m
[2m6:32:09 PM[22m [36m[1m[vite][22m[39m [90m[2m(client)[22m[39m [32mhmr update [39m[2m/src/index.css, /src/modules/Integrations/pages/ActiveIntegrations.jsx, /src/modules/Integrations/components/AddIntegrationPanel.jsx[22m
[2m6:50:12 PM[22m [36m[1m[vite][22m[39m [90m[2m(client)[22m[39m [32mhmr update [39m[2m/src/index.css, /src/modules/Integrations/pages/ActiveIntegrations.jsx[22m
[2m7:49:20 PM[22m [36m[1m[vite][22m[39m [90m[2m(client)[22m[39m [32mhmr update [39m[2m/src/index.css, /src/modules/Integrations/pages/ActiveIntegrations.jsx, /src/modules/Integrations/components/AddIntegrationPanel.jsx[22m
[2m7:49:28 PM[22m [36m[1m[vite][22m[39m [90m[2m(client)[22m[39m [32mhmr update [39m[2m/src/index.css, /src/modules/Integrations/pages/ActiveIntegrations.jsx, /src/modules/Integrations/components/AddIntegrationPanel.jsx[22m
[2m7:49:53 PM[22m [36m[1m[vite][22m[39m [90m[2m(client)[22m[39m [32mhmr update [39m[2m/src/index.css, /src/modules/Integrations/pages/ActiveIntegrations.jsx, /src/modules/Integrations/components/AddIntegrationPanel.jsx[22m
[2m7:50:04 PM[22m [36m[1m[vite][22m[39m [90m[2m(client)[22m[39m [32mhmr update [39m[2m/src/index.css, /src/modules/Integrations/components/AddIntegrationPanel.jsx[22m
[2m7:50:18 PM[22m [36m[1m[vite][22m[39m [90m[2m(client)[22m[39m [32mhmr update [39m[2m/src/index.css, /src/modules/Integrations/pages/ActiveIntegrations.jsx[22m
[2m7:50:36 PM[22m [36m[1m[vite][22m[39m [90m[2m(client)[22m[39m [32mhmr update [39m[2m/src/index.css, /src/modules/Integrations/pages/ActiveIntegrations.jsx[22m
[2m7:51:13 PM[22m [36m[1m[vite][22m[39m [90m[2m(client)[22m[39m [32mhmr update [39m[2m/src/index.css, /src/modules/Integrations/pages/ActiveIntegrations.jsx[22m
[2m7:51:33 PM[22m [36m[1m[vite][22m[39m [90m[2m(client)[22m[39m [32mhmr update [39m[2m/src/index.css, /src/modules/Integrations/pages/ActiveIntegrations.jsx[22m
[2m7:51:43 PM[22m [36m[1m[vite][22m[39m [90m[2m(client)[22m[39m [32mhmr update [39m[2m/src/index.css, /src/modules/Integrations/pages/ActiveIntegrations.jsx, /src/modules/Integrations/components/AddIntegrationPanel.jsx[22m
[2m7:51:50 PM[22m [36m[1m[vite][22m[39m [90m[2m(client)[22m[39m [32mhmr update [39m[2m/src/index.css, /src/modules/Integrations/pages/ActiveIntegrations.jsx, /src/modules/Integrations/components/AddIntegrationPanel.jsx[22m
[2m8:01:50 PM[22m [36m[1m[vite][22m[39m [90m[2m(client)[22m[39m [32mhmr update [39m[2m/src/index.css, /src/modules/Integrations/pages/ActiveIntegrations.jsx[22m
