INFO:     Started server process [21676]
INFO:     Waiting for application startup.
2026-03-30 17:57:15,050 - __main__ - INFO - AIO CRM Backend starting up
2026-03-30 17:57:15,052 - __main__ - INFO - Environment: development
2026-03-30 17:57:15,053 - __main__ - INFO - Provider: {'provider': 'sqlite', 'status': 'ready', 'db_path': 'D:\\AIOCRM\\backend\\data\\aio_crm.db'}
INFO:     Application startup complete.
INFO:     Uvicorn running on http://0.0.0.0:8001 (Press CTRL+C to quit)
2026-03-30 17:58:19,239 - __main__ - ERROR - Unhandled exception: AuthStore._json_loads() missing 1 required positional argument: 'default'
  + Exception Group Traceback (most recent call last):
  |   File "C:\Users\besta\AppData\Local\Programs\Python\Python313\Lib\site-packages\starlette\_utils.py", line 87, in collapse_excgroups
  |     yield
  |   File "C:\Users\besta\AppData\Local\Programs\Python\Python313\Lib\site-packages\starlette\middleware\base.py", line 190, in __call__
  |     async with anyio.create_task_group() as task_group:
  |                ~~~~~~~~~~~~~~~~~~~~~~~^^
  |   File "C:\Users\besta\AppData\Local\Programs\Python\Python313\Lib\site-packages\anyio\_backends\_asyncio.py", line 783, in __aexit__
  |     raise BaseExceptionGroup(
  |         "unhandled errors in a TaskGroup", self._exceptions
  |     ) from None
  | ExceptionGroup: unhandled errors in a TaskGroup (1 sub-exception)
  +-+---------------- 1 ----------------
    | Traceback (most recent call last):
    |   File "C:\Users\besta\AppData\Local\Programs\Python\Python313\Lib\site-packages\starlette\middleware\errors.py", line 164, in __call__
    |     await self.app(scope, receive, _send)
    |   File "C:\Users\besta\AppData\Local\Programs\Python\Python313\Lib\site-packages\starlette\middleware\cors.py", line 93, in __call__
    |     await self.simple_response(scope, receive, send, request_headers=headers)
    |   File "C:\Users\besta\AppData\Local\Programs\Python\Python313\Lib\site-packages\starlette\middleware\cors.py", line 148, in simple_response
    |     await self.app(scope, receive, send)
    |   File "C:\Users\besta\AppData\Local\Programs\Python\Python313\Lib\site-packages\starlette\middleware\base.py", line 189, in __call__
    |     with collapse_excgroups():
    |          ~~~~~~~~~~~~~~~~~~^^
    |   File "C:\Users\besta\AppData\Local\Programs\Python\Python313\Lib\contextlib.py", line 162, in __exit__
    |     self.gen.throw(value)
    |     ~~~~~~~~~~~~~~^^^^^^^
    |   File "C:\Users\besta\AppData\Local\Programs\Python\Python313\Lib\site-packages\starlette\_utils.py", line 93, in collapse_excgroups
    |     raise exc
    |   File "C:\Users\besta\AppData\Local\Programs\Python\Python313\Lib\site-packages\starlette\middleware\base.py", line 191, in __call__
    |     response = await self.dispatch_func(request, call_next)
    |                ^^^^^^^^^^^^^^^^^^^^^^^^^^^^^^^^^^^^^^^^^^^^
    |   File "D:\AIOCRM\backend\server.py", line 2364, in enforce_camelcase_response
    |     response = await call_next(request)
    |                ^^^^^^^^^^^^^^^^^^^^^^^^
    |   File "C:\Users\besta\AppData\Local\Programs\Python\Python313\Lib\site-packages\starlette\middleware\base.py", line 165, in call_next
    |     raise app_exc
    |   File "C:\Users\besta\AppData\Local\Programs\Python\Python313\Lib\site-packages\starlette\middleware\base.py", line 151, in coro
    |     await self.app(scope, receive_or_disconnect, send_no_error)
    |   File "C:\Users\besta\AppData\Local\Programs\Python\Python313\Lib\site-packages\starlette\middleware\base.py", line 189, in __call__
    |     with collapse_excgroups():
    |          ~~~~~~~~~~~~~~~~~~^^
    |   File "C:\Users\besta\AppData\Local\Programs\Python\Python313\Lib\contextlib.py", line 162, in __exit__
    |     self.gen.throw(value)
    |     ~~~~~~~~~~~~~~^^^^^^^
    |   File "C:\Users\besta\AppData\Local\Programs\Python\Python313\Lib\site-packages\starlette\_utils.py", line 93, in collapse_excgroups
    |     raise exc
    |   File "C:\Users\besta\AppData\Local\Programs\Python\Python313\Lib\site-packages\starlette\middleware\base.py", line 191, in __call__
    |     response = await self.dispatch_func(request, call_next)
    |                ^^^^^^^^^^^^^^^^^^^^^^^^^^^^^^^^^^^^^^^^^^^^
    |   File "D:\AIOCRM\backend\server.py", line 2359, in enforce_camelcase_request
    |     return await call_next(request)
    |            ^^^^^^^^^^^^^^^^^^^^^^^^
    |   File "C:\Users\besta\AppData\Local\Programs\Python\Python313\Lib\site-packages\starlette\middleware\base.py", line 165, in call_next
    |     raise app_exc
    |   File "C:\Users\besta\AppData\Local\Programs\Python\Python313\Lib\site-packages\starlette\middleware\base.py", line 151, in coro
    |     await self.app(scope, receive_or_disconnect, send_no_error)
    |   File "C:\Users\besta\AppData\Local\Programs\Python\Python313\Lib\site-packages\starlette\middleware\base.py", line 189, in __call__
    |     with collapse_excgroups():
    |          ~~~~~~~~~~~~~~~~~~^^
    |   File "C:\Users\besta\AppData\Local\Programs\Python\Python313\Lib\contextlib.py", line 162, in __exit__
    |     self.gen.throw(value)
    |     ~~~~~~~~~~~~~~^^^^^^^
    |   File "C:\Users\besta\AppData\Local\Programs\Python\Python313\Lib\site-packages\starlette\_utils.py", line 93, in collapse_excgroups
    |     raise exc
    |   File "C:\Users\besta\AppData\Local\Programs\Python\Python313\Lib\site-packages\starlette\middleware\base.py", line 191, in __call__
    |     response = await self.dispatch_func(request, call_next)
    |                ^^^^^^^^^^^^^^^^^^^^^^^^^^^^^^^^^^^^^^^^^^^^
    |   File "D:\AIOCRM\backend\server.py", line 2317, in inject_tenant_context
    |     return await call_next(request)
    |            ^^^^^^^^^^^^^^^^^^^^^^^^
    |   File "C:\Users\besta\AppData\Local\Programs\Python\Python313\Lib\site-packages\starlette\middleware\base.py", line 165, in call_next
    |     raise app_exc
    |   File "C:\Users\besta\AppData\Local\Programs\Python\Python313\Lib\site-packages\starlette\middleware\base.py", line 151, in coro
    |     await self.app(scope, receive_or_disconnect, send_no_error)
    |   File "C:\Users\besta\AppData\Local\Programs\Python\Python313\Lib\site-packages\starlette\middleware\exceptions.py", line 65, in __call__
    |     await wrap_app_handling_exceptions(self.app, conn)(scope, receive, send)
    |   File "C:\Users\besta\AppData\Local\Programs\Python\Python313\Lib\site-packages\starlette\_exception_handler.py", line 64, in wrapped_app
    |     raise exc
    |   File "C:\Users\besta\AppData\Local\Programs\Python\Python313\Lib\site-packages\starlette\_exception_handler.py", line 53, in wrapped_app
    |     await app(scope, receive, sender)
    |   File "C:\Users\besta\AppData\Local\Programs\Python\Python313\Lib\site-packages\starlette\routing.py", line 756, in __call__
    |     await self.middleware_stack(scope, receive, send)
    |   File "C:\Users\besta\AppData\Local\Programs\Python\Python313\Lib\site-packages\starlette\routing.py", line 776, in app
    |     await route.handle(scope, receive, send)
    |   File "C:\Users\besta\AppData\Local\Programs\Python\Python313\Lib\site-packages\starlette\routing.py", line 297, in handle
    |     await self.app(scope, receive, send)
    |   File "C:\Users\besta\AppData\Local\Programs\Python\Python313\Lib\site-packages\starlette\routing.py", line 77, in app
    |     await wrap_app_handling_exceptions(app, request)(scope, receive, send)
    |   File "C:\Users\besta\AppData\Local\Programs\Python\Python313\Lib\site-packages\starlette\_exception_handler.py", line 64, in wrapped_app
    |     raise exc
    |   File "C:\Users\besta\AppData\Local\Programs\Python\Python313\Lib\site-packages\starlette\_exception_handler.py", line 53, in wrapped_app
    |     await app(scope, receive, sender)
    |   File "C:\Users\besta\AppData\Local\Programs\Python\Python313\Lib\site-packages\starlette\routing.py", line 72, in app
    |     response = await func(request)
    |                ^^^^^^^^^^^^^^^^^^^
    |   File "C:\Users\besta\AppData\Local\Programs\Python\Python313\Lib\site-packages\fastapi\routing.py", line 278, in app
    |     raw_response = await run_endpoint_function(
    |                    ^^^^^^^^^^^^^^^^^^^^^^^^^^^^
    |         dependant=dependant, values=values, is_coroutine=is_coroutine
    |         ^^^^^^^^^^^^^^^^^^^^^^^^^^^^^^^^^^^^^^^^^^^^^^^^^^^^^^^^^^^^^
    |     )
    |     ^
    |   File "C:\Users\besta\AppData\Local\Programs\Python\Python313\Lib\site-packages\fastapi\routing.py", line 191, in run_endpoint_function
    |     return await dependant.call(**values)
    |            ^^^^^^^^^^^^^^^^^^^^^^^^^^^^^^
    |   File "D:\AIOCRM\backend\server.py", line 2762, in login_auth
    |     session = auth_store.login_with_password(payload.email, payload.password, user_agent=request.headers.get("user-agent"))
    |   File "D:\AIOCRM\backend\auth_store.py", line 1859, in login_with_password
    |     session = self._create_session(conn, record["id"], "local-password", user_agent=user_agent)
    |   File "D:\AIOCRM\backend\auth_store.py", line 1806, in _create_session
    |     return self._build_session(conn, record)
    |            ~~~~~~~~~~~~~~~~~~~^^^^^^^^^^^^^^
    |   File "D:\AIOCRM\backend\auth_store.py", line 895, in _build_session
    |     current_tenant, tenants = self._tenant_memberships(conn, record["userId"], record["currentTenantId"])
    |                               ~~~~~~~~~~~~~~~~~~~~~~~~^^^^^^^^^^^^^^^^^^^^^^^^^^^^^^^^^^^^^^^^^^^^^^^^^^^
    |   File "D:\AIOCRM\backend\auth_store.py", line 787, in _tenant_memberships
    |     tenant = self._public_tenant(conn, row, row["tenantId"] == resolved_tenant_id)
    |   File "D:\AIOCRM\backend\auth_store.py", line 754, in _public_tenant
    |     tenant_settings = self._tenant_settings_from_raw(conn, membership["tenantId"], raw_settings)
    |   File "D:\AIOCRM\backend\auth_store.py", line 713, in _tenant_settings_from_raw
    |     settings["globalVariables"] = self._canonical_global_variables(conn, tenant_id)
    |                                   ~~~~~~~~~~~~~~~~~~~~~~~~~~~~~~~~^^^^^^^^^^^^^^^^^
    |   File "D:\AIOCRM\backend\auth_store.py", line 664, in _canonical_global_variables
    |     for row in self._list_global_variable_records_for_tenant(conn, tenant_id):
    |                ~~~~~~~~~~~~~~~~~~~~~~~~~~~~~~~~~~~~~~~~~~~~~^^^^^^^^^^^^^^^^^
    |   File "D:\AIOCRM\backend\auth_store.py", line 644, in _list_global_variable_records_for_tenant
    |     config = self._json_loads(row["configJson"] if "configJson" in row.keys() else {})
    | TypeError: AuthStore._json_loads() missing 1 required positional argument: 'default'
    +------------------------------------

During handling of the above exception, another exception occurred:

Traceback (most recent call last):
  File "C:\Users\besta\AppData\Local\Programs\Python\Python313\Lib\site-packages\starlette\middleware\errors.py", line 164, in __call__
    await self.app(scope, receive, _send)
  File "C:\Users\besta\AppData\Local\Programs\Python\Python313\Lib\site-packages\starlette\middleware\cors.py", line 93, in __call__
    await self.simple_response(scope, receive, send, request_headers=headers)
  File "C:\Users\besta\AppData\Local\Programs\Python\Python313\Lib\site-packages\starlette\middleware\cors.py", line 148, in simple_response
    await self.app(scope, receive, send)
  File "C:\Users\besta\AppData\Local\Programs\Python\Python313\Lib\site-packages\starlette\middleware\base.py", line 189, in __call__
    with collapse_excgroups():
         ~~~~~~~~~~~~~~~~~~^^
  File "C:\Users\besta\AppData\Local\Programs\Python\Python313\Lib\contextlib.py", line 162, in __exit__
    self.gen.throw(value)
    ~~~~~~~~~~~~~~^^^^^^^
  File "C:\Users\besta\AppData\Local\Programs\Python\Python313\Lib\site-packages\starlette\_utils.py", line 93, in collapse_excgroups
    raise exc
  File "C:\Users\besta\AppData\Local\Programs\Python\Python313\Lib\site-packages\starlette\middleware\base.py", line 191, in __call__
    response = await self.dispatch_func(request, call_next)
               ^^^^^^^^^^^^^^^^^^^^^^^^^^^^^^^^^^^^^^^^^^^^
  File "D:\AIOCRM\backend\server.py", line 2364, in enforce_camelcase_response
    response = await call_next(request)
               ^^^^^^^^^^^^^^^^^^^^^^^^
  File "C:\Users\besta\AppData\Local\Programs\Python\Python313\Lib\site-packages\starlette\middleware\base.py", line 165, in call_next
    raise app_exc
  File "C:\Users\besta\AppData\Local\Programs\Python\Python313\Lib\site-packages\starlette\middleware\base.py", line 151, in coro
    await self.app(scope, receive_or_disconnect, send_no_error)
  File "C:\Users\besta\AppData\Local\Programs\Python\Python313\Lib\site-packages\starlette\middleware\base.py", line 189, in __call__
    with collapse_excgroups():
         ~~~~~~~~~~~~~~~~~~^^
  File "C:\Users\besta\AppData\Local\Programs\Python\Python313\Lib\contextlib.py", line 162, in __exit__
    self.gen.throw(value)
    ~~~~~~~~~~~~~~^^^^^^^
  File "C:\Users\besta\AppData\Local\Programs\Python\Python313\Lib\site-packages\starlette\_utils.py", line 93, in collapse_excgroups
    raise exc
  File "C:\Users\besta\AppData\Local\Programs\Python\Python313\Lib\site-packages\starlette\middleware\base.py", line 191, in __call__
    response = await self.dispatch_func(request, call_next)
               ^^^^^^^^^^^^^^^^^^^^^^^^^^^^^^^^^^^^^^^^^^^^
  File "D:\AIOCRM\backend\server.py", line 2359, in enforce_camelcase_request
    return await call_next(request)
           ^^^^^^^^^^^^^^^^^^^^^^^^
  File "C:\Users\besta\AppData\Local\Programs\Python\Python313\Lib\site-packages\starlette\middleware\base.py", line 165, in call_next
    raise app_exc
  File "C:\Users\besta\AppData\Local\Programs\Python\Python313\Lib\site-packages\starlette\middleware\base.py", line 151, in coro
    await self.app(scope, receive_or_disconnect, send_no_error)
  File "C:\Users\besta\AppData\Local\Programs\Python\Python313\Lib\site-packages\starlette\middleware\base.py", line 189, in __call__
    with collapse_excgroups():
         ~~~~~~~~~~~~~~~~~~^^
  File "C:\Users\besta\AppData\Local\Programs\Python\Python313\Lib\contextlib.py", line 162, in __exit__
    self.gen.throw(value)
    ~~~~~~~~~~~~~~^^^^^^^
  File "C:\Users\besta\AppData\Local\Programs\Python\Python313\Lib\site-packages\starlette\_utils.py", line 93, in collapse_excgroups
    raise exc
  File "C:\Users\besta\AppData\Local\Programs\Python\Python313\Lib\site-packages\starlette\middleware\base.py", line 191, in __call__
    response = await self.dispatch_func(request, call_next)
               ^^^^^^^^^^^^^^^^^^^^^^^^^^^^^^^^^^^^^^^^^^^^
  File "D:\AIOCRM\backend\server.py", line 2317, in inject_tenant_context
    return await call_next(request)
           ^^^^^^^^^^^^^^^^^^^^^^^^
  File "C:\Users\besta\AppData\Local\Programs\Python\Python313\Lib\site-packages\starlette\middleware\base.py", line 165, in call_next
    raise app_exc
  File "C:\Users\besta\AppData\Local\Programs\Python\Python313\Lib\site-packages\starlette\middleware\base.py", line 151, in coro
    await self.app(scope, receive_or_disconnect, send_no_error)
  File "C:\Users\besta\AppData\Local\Programs\Python\Python313\Lib\site-packages\starlette\middleware\exceptions.py", line 65, in __call__
    await wrap_app_handling_exceptions(self.app, conn)(scope, receive, send)
  File "C:\Users\besta\AppData\Local\Programs\Python\Python313\Lib\site-packages\starlette\_exception_handler.py", line 64, in wrapped_app
    raise exc
  File "C:\Users\besta\AppData\Local\Programs\Python\Python313\Lib\site-packages\starlette\_exception_handler.py", line 53, in wrapped_app
    await app(scope, receive, sender)
  File "C:\Users\besta\AppData\Local\Programs\Python\Python313\Lib\site-packages\starlette\routing.py", line 756, in __call__
    await self.middleware_stack(scope, receive, send)
  File "C:\Users\besta\AppData\Local\Programs\Python\Python313\Lib\site-packages\starlette\routing.py", line 776, in app
    await route.handle(scope, receive, send)
  File "C:\Users\besta\AppData\Local\Programs\Python\Python313\Lib\site-packages\starlette\routing.py", line 297, in handle
    await self.app(scope, receive, send)
  File "C:\Users\besta\AppData\Local\Programs\Python\Python313\Lib\site-packages\starlette\routing.py", line 77, in app
    await wrap_app_handling_exceptions(app, request)(scope, receive, send)
  File "C:\Users\besta\AppData\Local\Programs\Python\Python313\Lib\site-packages\starlette\_exception_handler.py", line 64, in wrapped_app
    raise exc
  File "C:\Users\besta\AppData\Local\Programs\Python\Python313\Lib\site-packages\starlette\_exception_handler.py", line 53, in wrapped_app
    await app(scope, receive, sender)
  File "C:\Users\besta\AppData\Local\Programs\Python\Python313\Lib\site-packages\starlette\routing.py", line 72, in app
    response = await func(request)
               ^^^^^^^^^^^^^^^^^^^
  File "C:\Users\besta\AppData\Local\Programs\Python\Python313\Lib\site-packages\fastapi\routing.py", line 278, in app
    raw_response = await run_endpoint_function(
                   ^^^^^^^^^^^^^^^^^^^^^^^^^^^^
        dependant=dependant, values=values, is_coroutine=is_coroutine
        ^^^^^^^^^^^^^^^^^^^^^^^^^^^^^^^^^^^^^^^^^^^^^^^^^^^^^^^^^^^^^
    )
    ^
  File "C:\Users\besta\AppData\Local\Programs\Python\Python313\Lib\site-packages\fastapi\routing.py", line 191, in run_endpoint_function
    return await dependant.call(**values)
           ^^^^^^^^^^^^^^^^^^^^^^^^^^^^^^
  File "D:\AIOCRM\backend\server.py", line 2762, in login_auth
    session = auth_store.login_with_password(payload.email, payload.password, user_agent=request.headers.get("user-agent"))
  File "D:\AIOCRM\backend\auth_store.py", line 1859, in login_with_password
    session = self._create_session(conn, record["id"], "local-password", user_agent=user_agent)
  File "D:\AIOCRM\backend\auth_store.py", line 1806, in _create_session
    return self._build_session(conn, record)
           ~~~~~~~~~~~~~~~~~~~^^^^^^^^^^^^^^
  File "D:\AIOCRM\backend\auth_store.py", line 895, in _build_session
    current_tenant, tenants = self._tenant_memberships(conn, record["userId"], record["currentTenantId"])
                              ~~~~~~~~~~~~~~~~~~~~~~~~^^^^^^^^^^^^^^^^^^^^^^^^^^^^^^^^^^^^^^^^^^^^^^^^^^^
  File "D:\AIOCRM\backend\auth_store.py", line 787, in _tenant_memberships
    tenant = self._public_tenant(conn, row, row["tenantId"] == resolved_tenant_id)
  File "D:\AIOCRM\backend\auth_store.py", line 754, in _public_tenant
    tenant_settings = self._tenant_settings_from_raw(conn, membership["tenantId"], raw_settings)
  File "D:\AIOCRM\backend\auth_store.py", line 713, in _tenant_settings_from_raw
    settings["globalVariables"] = self._canonical_global_variables(conn, tenant_id)
                                  ~~~~~~~~~~~~~~~~~~~~~~~~~~~~~~~~^^^^^^^^^^^^^^^^^
  File "D:\AIOCRM\backend\auth_store.py", line 664, in _canonical_global_variables
    for row in self._list_global_variable_records_for_tenant(conn, tenant_id):
               ~~~~~~~~~~~~~~~~~~~~~~~~~~~~~~~~~~~~~~~~~~~~~^^^^^^^^^^^^^^^^^
  File "D:\AIOCRM\backend\auth_store.py", line 644, in _list_global_variable_records_for_tenant
    config = self._json_loads(row["configJson"] if "configJson" in row.keys() else {})
TypeError: AuthStore._json_loads() missing 1 required positional argument: 'default'
ERROR:    Exception in ASGI application
  + Exception Group Traceback (most recent call last):
  |   File "C:\Users\besta\AppData\Local\Programs\Python\Python313\Lib\site-packages\starlette\_utils.py", line 87, in collapse_excgroups
  |     yield
  |   File "C:\Users\besta\AppData\Local\Programs\Python\Python313\Lib\site-packages\starlette\middleware\base.py", line 190, in __call__
  |     async with anyio.create_task_group() as task_group:
  |                ~~~~~~~~~~~~~~~~~~~~~~~^^
  |   File "C:\Users\besta\AppData\Local\Programs\Python\Python313\Lib\site-packages\anyio\_backends\_asyncio.py", line 783, in __aexit__
  |     raise BaseExceptionGroup(
  |         "unhandled errors in a TaskGroup", self._exceptions
  |     ) from None
  | ExceptionGroup: unhandled errors in a TaskGroup (1 sub-exception)
  +-+---------------- 1 ----------------
    | Traceback (most recent call last):
    |   File "C:\Users\besta\AppData\Local\Programs\Python\Python313\Lib\site-packages\uvicorn\protocols\http\h11_impl.py", line 408, in run_asgi
    |     result = await app(  # type: ignore[func-returns-value]
    |              ^^^^^^^^^^^^^^^^^^^^^^^^^^^^^^^^^^^^^^^^^^^^^^
    |         self.scope, self.receive, self.send
    |         ^^^^^^^^^^^^^^^^^^^^^^^^^^^^^^^^^^^
    |     )
    |     ^
    |   File "C:\Users\besta\AppData\Local\Programs\Python\Python313\Lib\site-packages\uvicorn\middleware\proxy_headers.py", line 84, in __call__
    |     return await self.app(scope, receive, send)
    |            ^^^^^^^^^^^^^^^^^^^^^^^^^^^^^^^^^^^^
    |   File "C:\Users\besta\AppData\Local\Programs\Python\Python313\Lib\site-packages\fastapi\applications.py", line 1054, in __call__
    |     await super().__call__(scope, receive, send)
    |   File "C:\Users\besta\AppData\Local\Programs\Python\Python313\Lib\site-packages\starlette\applications.py", line 123, in __call__
    |     await self.middleware_stack(scope, receive, send)
    |   File "C:\Users\besta\AppData\Local\Programs\Python\Python313\Lib\site-packages\starlette\middleware\errors.py", line 186, in __call__
    |     raise exc
    |   File "C:\Users\besta\AppData\Local\Programs\Python\Python313\Lib\site-packages\starlette\middleware\errors.py", line 164, in __call__
    |     await self.app(scope, receive, _send)
    |   File "C:\Users\besta\AppData\Local\Programs\Python\Python313\Lib\site-packages\starlette\middleware\cors.py", line 93, in __call__
    |     await self.simple_response(scope, receive, send, request_headers=headers)
    |   File "C:\Users\besta\AppData\Local\Programs\Python\Python313\Lib\site-packages\starlette\middleware\cors.py", line 148, in simple_response
    |     await self.app(scope, receive, send)
    |   File "C:\Users\besta\AppData\Local\Programs\Python\Python313\Lib\site-packages\starlette\middleware\base.py", line 189, in __call__
    |     with collapse_excgroups():
    |          ~~~~~~~~~~~~~~~~~~^^
    |   File "C:\Users\besta\AppData\Local\Programs\Python\Python313\Lib\contextlib.py", line 162, in __exit__
    |     self.gen.throw(value)
    |     ~~~~~~~~~~~~~~^^^^^^^
    |   File "C:\Users\besta\AppData\Local\Programs\Python\Python313\Lib\site-packages\starlette\_utils.py", line 93, in collapse_excgroups
    |     raise exc
    |   File "C:\Users\besta\AppData\Local\Programs\Python\Python313\Lib\site-packages\starlette\middleware\base.py", line 191, in __call__
    |     response = await self.dispatch_func(request, call_next)
    |                ^^^^^^^^^^^^^^^^^^^^^^^^^^^^^^^^^^^^^^^^^^^^
    |   File "D:\AIOCRM\backend\server.py", line 2364, in enforce_camelcase_response
    |     response = await call_next(request)
    |                ^^^^^^^^^^^^^^^^^^^^^^^^
    |   File "C:\Users\besta\AppData\Local\Programs\Python\Python313\Lib\site-packages\starlette\middleware\base.py", line 165, in call_next
    |     raise app_exc
    |   File "C:\Users\besta\AppData\Local\Programs\Python\Python313\Lib\site-packages\starlette\middleware\base.py", line 151, in coro
    |     await self.app(scope, receive_or_disconnect, send_no_error)
    |   File "C:\Users\besta\AppData\Local\Programs\Python\Python313\Lib\site-packages\starlette\middleware\base.py", line 189, in __call__
    |     with collapse_excgroups():
    |          ~~~~~~~~~~~~~~~~~~^^
    |   File "C:\Users\besta\AppData\Local\Programs\Python\Python313\Lib\contextlib.py", line 162, in __exit__
    |     self.gen.throw(value)
    |     ~~~~~~~~~~~~~~^^^^^^^
    |   File "C:\Users\besta\AppData\Local\Programs\Python\Python313\Lib\site-packages\starlette\_utils.py", line 93, in collapse_excgroups
    |     raise exc
    |   File "C:\Users\besta\AppData\Local\Programs\Python\Python313\Lib\site-packages\starlette\middleware\base.py", line 191, in __call__
    |     response = await self.dispatch_func(request, call_next)
    |                ^^^^^^^^^^^^^^^^^^^^^^^^^^^^^^^^^^^^^^^^^^^^
    |   File "D:\AIOCRM\backend\server.py", line 2359, in enforce_camelcase_request
    |     return await call_next(request)
    |            ^^^^^^^^^^^^^^^^^^^^^^^^
    |   File "C:\Users\besta\AppData\Local\Programs\Python\Python313\Lib\site-packages\starlette\middleware\base.py", line 165, in call_next
    |     raise app_exc
    |   File "C:\Users\besta\AppData\Local\Programs\Python\Python313\Lib\site-packages\starlette\middleware\base.py", line 151, in coro
    |     await self.app(scope, receive_or_disconnect, send_no_error)
    |   File "C:\Users\besta\AppData\Local\Programs\Python\Python313\Lib\site-packages\starlette\middleware\base.py", line 189, in __call__
    |     with collapse_excgroups():
    |          ~~~~~~~~~~~~~~~~~~^^
    |   File "C:\Users\besta\AppData\Local\Programs\Python\Python313\Lib\contextlib.py", line 162, in __exit__
    |     self.gen.throw(value)
    |     ~~~~~~~~~~~~~~^^^^^^^
    |   File "C:\Users\besta\AppData\Local\Programs\Python\Python313\Lib\site-packages\starlette\_utils.py", line 93, in collapse_excgroups
    |     raise exc
    |   File "C:\Users\besta\AppData\Local\Programs\Python\Python313\Lib\site-packages\starlette\middleware\base.py", line 191, in __call__
    |     response = await self.dispatch_func(request, call_next)
    |                ^^^^^^^^^^^^^^^^^^^^^^^^^^^^^^^^^^^^^^^^^^^^
    |   File "D:\AIOCRM\backend\server.py", line 2317, in inject_tenant_context
    |     return await call_next(request)
    |            ^^^^^^^^^^^^^^^^^^^^^^^^
    |   File "C:\Users\besta\AppData\Local\Programs\Python\Python313\Lib\site-packages\starlette\middleware\base.py", line 165, in call_next
    |     raise app_exc
    |   File "C:\Users\besta\AppData\Local\Programs\Python\Python313\Lib\site-packages\starlette\middleware\base.py", line 151, in coro
    |     await self.app(scope, receive_or_disconnect, send_no_error)
    |   File "C:\Users\besta\AppData\Local\Programs\Python\Python313\Lib\site-packages\starlette\middleware\exceptions.py", line 65, in __call__
    |     await wrap_app_handling_exceptions(self.app, conn)(scope, receive, send)
    |   File "C:\Users\besta\AppData\Local\Programs\Python\Python313\Lib\site-packages\starlette\_exception_handler.py", line 64, in wrapped_app
    |     raise exc
    |   File "C:\Users\besta\AppData\Local\Programs\Python\Python313\Lib\site-packages\starlette\_exception_handler.py", line 53, in wrapped_app
    |     await app(scope, receive, sender)
    |   File "C:\Users\besta\AppData\Local\Programs\Python\Python313\Lib\site-packages\starlette\routing.py", line 756, in __call__
    |     await self.middleware_stack(scope, receive, send)
    |   File "C:\Users\besta\AppData\Local\Programs\Python\Python313\Lib\site-packages\starlette\routing.py", line 776, in app
    |     await route.handle(scope, receive, send)
    |   File "C:\Users\besta\AppData\Local\Programs\Python\Python313\Lib\site-packages\starlette\routing.py", line 297, in handle
    |     await self.app(scope, receive, send)
    |   File "C:\Users\besta\AppData\Local\Programs\Python\Python313\Lib\site-packages\starlette\routing.py", line 77, in app
    |     await wrap_app_handling_exceptions(app, request)(scope, receive, send)
    |   File "C:\Users\besta\AppData\Local\Programs\Python\Python313\Lib\site-packages\starlette\_exception_handler.py", line 64, in wrapped_app
    |     raise exc
    |   File "C:\Users\besta\AppData\Local\Programs\Python\Python313\Lib\site-packages\starlette\_exception_handler.py", line 53, in wrapped_app
    |     await app(scope, receive, sender)
    |   File "C:\Users\besta\AppData\Local\Programs\Python\Python313\Lib\site-packages\starlette\routing.py", line 72, in app
    |     response = await func(request)
    |                ^^^^^^^^^^^^^^^^^^^
    |   File "C:\Users\besta\AppData\Local\Programs\Python\Python313\Lib\site-packages\fastapi\routing.py", line 278, in app
    |     raw_response = await run_endpoint_function(
    |                    ^^^^^^^^^^^^^^^^^^^^^^^^^^^^
    |         dependant=dependant, values=values, is_coroutine=is_coroutine
    |         ^^^^^^^^^^^^^^^^^^^^^^^^^^^^^^^^^^^^^^^^^^^^^^^^^^^^^^^^^^^^^
    |     )
    |     ^
    |   File "C:\Users\besta\AppData\Local\Programs\Python\Python313\Lib\site-packages\fastapi\routing.py", line 191, in run_endpoint_function
    |     return await dependant.call(**values)
    |            ^^^^^^^^^^^^^^^^^^^^^^^^^^^^^^
    |   File "D:\AIOCRM\backend\server.py", line 2762, in login_auth
    |     session = auth_store.login_with_password(payload.email, payload.password, user_agent=request.headers.get("user-agent"))
    |   File "D:\AIOCRM\backend\auth_store.py", line 1859, in login_with_password
    |     session = self._create_session(conn, record["id"], "local-password", user_agent=user_agent)
    |   File "D:\AIOCRM\backend\auth_store.py", line 1806, in _create_session
    |     return self._build_session(conn, record)
    |            ~~~~~~~~~~~~~~~~~~~^^^^^^^^^^^^^^
    |   File "D:\AIOCRM\backend\auth_store.py", line 895, in _build_session
    |     current_tenant, tenants = self._tenant_memberships(conn, record["userId"], record["currentTenantId"])
    |                               ~~~~~~~~~~~~~~~~~~~~~~~~^^^^^^^^^^^^^^^^^^^^^^^^^^^^^^^^^^^^^^^^^^^^^^^^^^^
    |   File "D:\AIOCRM\backend\auth_store.py", line 787, in _tenant_memberships
    |     tenant = self._public_tenant(conn, row, row["tenantId"] == resolved_tenant_id)
    |   File "D:\AIOCRM\backend\auth_store.py", line 754, in _public_tenant
    |     tenant_settings = self._tenant_settings_from_raw(conn, membership["tenantId"], raw_settings)
    |   File "D:\AIOCRM\backend\auth_store.py", line 713, in _tenant_settings_from_raw
    |     settings["globalVariables"] = self._canonical_global_variables(conn, tenant_id)
    |                                   ~~~~~~~~~~~~~~~~~~~~~~~~~~~~~~~~^^^^^^^^^^^^^^^^^
    |   File "D:\AIOCRM\backend\auth_store.py", line 664, in _canonical_global_variables
    |     for row in self._list_global_variable_records_for_tenant(conn, tenant_id):
    |                ~~~~~~~~~~~~~~~~~~~~~~~~~~~~~~~~~~~~~~~~~~~~~^^^^^^^^^^^^^^^^^
    |   File "D:\AIOCRM\backend\auth_store.py", line 644, in _list_global_variable_records_for_tenant
    |     config = self._json_loads(row["configJson"] if "configJson" in row.keys() else {})
    | TypeError: AuthStore._json_loads() missing 1 required positional argument: 'default'
    +------------------------------------

During handling of the above exception, another exception occurred:

Traceback (most recent call last):
  File "C:\Users\besta\AppData\Local\Programs\Python\Python313\Lib\site-packages\uvicorn\protocols\http\h11_impl.py", line 408, in run_asgi
    result = await app(  # type: ignore[func-returns-value]
             ^^^^^^^^^^^^^^^^^^^^^^^^^^^^^^^^^^^^^^^^^^^^^^
        self.scope, self.receive, self.send
        ^^^^^^^^^^^^^^^^^^^^^^^^^^^^^^^^^^^
    )
    ^
  File "C:\Users\besta\AppData\Local\Programs\Python\Python313\Lib\site-packages\uvicorn\middleware\proxy_headers.py", line 84, in __call__
    return await self.app(scope, receive, send)
           ^^^^^^^^^^^^^^^^^^^^^^^^^^^^^^^^^^^^
  File "C:\Users\besta\AppData\Local\Programs\Python\Python313\Lib\site-packages\fastapi\applications.py", line 1054, in __call__
    await super().__call__(scope, receive, send)
  File "C:\Users\besta\AppData\Local\Programs\Python\Python313\Lib\site-packages\starlette\applications.py", line 123, in __call__
    await self.middleware_stack(scope, receive, send)
  File "C:\Users\besta\AppData\Local\Programs\Python\Python313\Lib\site-packages\starlette\middleware\errors.py", line 186, in __call__
    raise exc
  File "C:\Users\besta\AppData\Local\Programs\Python\Python313\Lib\site-packages\starlette\middleware\errors.py", line 164, in __call__
    await self.app(scope, receive, _send)
  File "C:\Users\besta\AppData\Local\Programs\Python\Python313\Lib\site-packages\starlette\middleware\cors.py", line 93, in __call__
    await self.simple_response(scope, receive, send, request_headers=headers)
  File "C:\Users\besta\AppData\Local\Programs\Python\Python313\Lib\site-packages\starlette\middleware\cors.py", line 148, in simple_response
    await self.app(scope, receive, send)
  File "C:\Users\besta\AppData\Local\Programs\Python\Python313\Lib\site-packages\starlette\middleware\base.py", line 189, in __call__
    with collapse_excgroups():
         ~~~~~~~~~~~~~~~~~~^^
  File "C:\Users\besta\AppData\Local\Programs\Python\Python313\Lib\contextlib.py", line 162, in __exit__
    self.gen.throw(value)
    ~~~~~~~~~~~~~~^^^^^^^
  File "C:\Users\besta\AppData\Local\Programs\Python\Python313\Lib\site-packages\starlette\_utils.py", line 93, in collapse_excgroups
    raise exc
  File "C:\Users\besta\AppData\Local\Programs\Python\Python313\Lib\site-packages\starlette\middleware\base.py", line 191, in __call__
    response = await self.dispatch_func(request, call_next)
               ^^^^^^^^^^^^^^^^^^^^^^^^^^^^^^^^^^^^^^^^^^^^
  File "D:\AIOCRM\backend\server.py", line 2364, in enforce_camelcase_response
    response = await call_next(request)
               ^^^^^^^^^^^^^^^^^^^^^^^^
  File "C:\Users\besta\AppData\Local\Programs\Python\Python313\Lib\site-packages\starlette\middleware\base.py", line 165, in call_next
    raise app_exc
  File "C:\Users\besta\AppData\Local\Programs\Python\Python313\Lib\site-packages\starlette\middleware\base.py", line 151, in coro
    await self.app(scope, receive_or_disconnect, send_no_error)
  File "C:\Users\besta\AppData\Local\Programs\Python\Python313\Lib\site-packages\starlette\middleware\base.py", line 189, in __call__
    with collapse_excgroups():
         ~~~~~~~~~~~~~~~~~~^^
  File "C:\Users\besta\AppData\Local\Programs\Python\Python313\Lib\contextlib.py", line 162, in __exit__
    self.gen.throw(value)
    ~~~~~~~~~~~~~~^^^^^^^
  File "C:\Users\besta\AppData\Local\Programs\Python\Python313\Lib\site-packages\starlette\_utils.py", line 93, in collapse_excgroups
    raise exc
  File "C:\Users\besta\AppData\Local\Programs\Python\Python313\Lib\site-packages\starlette\middleware\base.py", line 191, in __call__
    response = await self.dispatch_func(request, call_next)
               ^^^^^^^^^^^^^^^^^^^^^^^^^^^^^^^^^^^^^^^^^^^^
  File "D:\AIOCRM\backend\server.py", line 2359, in enforce_camelcase_request
    return await call_next(request)
           ^^^^^^^^^^^^^^^^^^^^^^^^
  File "C:\Users\besta\AppData\Local\Programs\Python\Python313\Lib\site-packages\starlette\middleware\base.py", line 165, in call_next
    raise app_exc
  File "C:\Users\besta\AppData\Local\Programs\Python\Python313\Lib\site-packages\starlette\middleware\base.py", line 151, in coro
    await self.app(scope, receive_or_disconnect, send_no_error)
  File "C:\Users\besta\AppData\Local\Programs\Python\Python313\Lib\site-packages\starlette\middleware\base.py", line 189, in __call__
    with collapse_excgroups():
         ~~~~~~~~~~~~~~~~~~^^
  File "C:\Users\besta\AppData\Local\Programs\Python\Python313\Lib\contextlib.py", line 162, in __exit__
    self.gen.throw(value)
    ~~~~~~~~~~~~~~^^^^^^^
  File "C:\Users\besta\AppData\Local\Programs\Python\Python313\Lib\site-packages\starlette\_utils.py", line 93, in collapse_excgroups
    raise exc
  File "C:\Users\besta\AppData\Local\Programs\Python\Python313\Lib\site-packages\starlette\middleware\base.py", line 191, in __call__
    response = await self.dispatch_func(request, call_next)
               ^^^^^^^^^^^^^^^^^^^^^^^^^^^^^^^^^^^^^^^^^^^^
  File "D:\AIOCRM\backend\server.py", line 2317, in inject_tenant_context
    return await call_next(request)
           ^^^^^^^^^^^^^^^^^^^^^^^^
  File "C:\Users\besta\AppData\Local\Programs\Python\Python313\Lib\site-packages\starlette\middleware\base.py", line 165, in call_next
    raise app_exc
  File "C:\Users\besta\AppData\Local\Programs\Python\Python313\Lib\site-packages\starlette\middleware\base.py", line 151, in coro
    await self.app(scope, receive_or_disconnect, send_no_error)
  File "C:\Users\besta\AppData\Local\Programs\Python\Python313\Lib\site-packages\starlette\middleware\exceptions.py", line 65, in __call__
    await wrap_app_handling_exceptions(self.app, conn)(scope, receive, send)
  File "C:\Users\besta\AppData\Local\Programs\Python\Python313\Lib\site-packages\starlette\_exception_handler.py", line 64, in wrapped_app
    raise exc
  File "C:\Users\besta\AppData\Local\Programs\Python\Python313\Lib\site-packages\starlette\_exception_handler.py", line 53, in wrapped_app
    await app(scope, receive, sender)
  File "C:\Users\besta\AppData\Local\Programs\Python\Python313\Lib\site-packages\starlette\routing.py", line 756, in __call__
    await self.middleware_stack(scope, receive, send)
  File "C:\Users\besta\AppData\Local\Programs\Python\Python313\Lib\site-packages\starlette\routing.py", line 776, in app
    await route.handle(scope, receive, send)
  File "C:\Users\besta\AppData\Local\Programs\Python\Python313\Lib\site-packages\starlette\routing.py", line 297, in handle
    await self.app(scope, receive, send)
  File "C:\Users\besta\AppData\Local\Programs\Python\Python313\Lib\site-packages\starlette\routing.py", line 77, in app
    await wrap_app_handling_exceptions(app, request)(scope, receive, send)
  File "C:\Users\besta\AppData\Local\Programs\Python\Python313\Lib\site-packages\starlette\_exception_handler.py", line 64, in wrapped_app
    raise exc
  File "C:\Users\besta\AppData\Local\Programs\Python\Python313\Lib\site-packages\starlette\_exception_handler.py", line 53, in wrapped_app
    await app(scope, receive, sender)
  File "C:\Users\besta\AppData\Local\Programs\Python\Python313\Lib\site-packages\starlette\routing.py", line 72, in app
    response = await func(request)
               ^^^^^^^^^^^^^^^^^^^
  File "C:\Users\besta\AppData\Local\Programs\Python\Python313\Lib\site-packages\fastapi\routing.py", line 278, in app
    raw_response = await run_endpoint_function(
                   ^^^^^^^^^^^^^^^^^^^^^^^^^^^^
        dependant=dependant, values=values, is_coroutine=is_coroutine
        ^^^^^^^^^^^^^^^^^^^^^^^^^^^^^^^^^^^^^^^^^^^^^^^^^^^^^^^^^^^^^
    )
    ^
  File "C:\Users\besta\AppData\Local\Programs\Python\Python313\Lib\site-packages\fastapi\routing.py", line 191, in run_endpoint_function
    return await dependant.call(**values)
           ^^^^^^^^^^^^^^^^^^^^^^^^^^^^^^
  File "D:\AIOCRM\backend\server.py", line 2762, in login_auth
    session = auth_store.login_with_password(payload.email, payload.password, user_agent=request.headers.get("user-agent"))
  File "D:\AIOCRM\backend\auth_store.py", line 1859, in login_with_password
    session = self._create_session(conn, record["id"], "local-password", user_agent=user_agent)
  File "D:\AIOCRM\backend\auth_store.py", line 1806, in _create_session
    return self._build_session(conn, record)
           ~~~~~~~~~~~~~~~~~~~^^^^^^^^^^^^^^
  File "D:\AIOCRM\backend\auth_store.py", line 895, in _build_session
    current_tenant, tenants = self._tenant_memberships(conn, record["userId"], record["currentTenantId"])
                              ~~~~~~~~~~~~~~~~~~~~~~~~^^^^^^^^^^^^^^^^^^^^^^^^^^^^^^^^^^^^^^^^^^^^^^^^^^^
  File "D:\AIOCRM\backend\auth_store.py", line 787, in _tenant_memberships
    tenant = self._public_tenant(conn, row, row["tenantId"] == resolved_tenant_id)
  File "D:\AIOCRM\backend\auth_store.py", line 754, in _public_tenant
    tenant_settings = self._tenant_settings_from_raw(conn, membership["tenantId"], raw_settings)
  File "D:\AIOCRM\backend\auth_store.py", line 713, in _tenant_settings_from_raw
    settings["globalVariables"] = self._canonical_global_variables(conn, tenant_id)
                                  ~~~~~~~~~~~~~~~~~~~~~~~~~~~~~~~~^^^^^^^^^^^^^^^^^
  File "D:\AIOCRM\backend\auth_store.py", line 664, in _canonical_global_variables
    for row in self._list_global_variable_records_for_tenant(conn, tenant_id):
               ~~~~~~~~~~~~~~~~~~~~~~~~~~~~~~~~~~~~~~~~~~~~~^^^^^^^^^^^^^^^^^
  File "D:\AIOCRM\backend\auth_store.py", line 644, in _list_global_variable_records_for_tenant
    config = self._json_loads(row["configJson"] if "configJson" in row.keys() else {})
TypeError: AuthStore._json_loads() missing 1 required positional argument: 'default'
